
> scss-utilities@1.0.0 build
> gulp build

[04:41:16] Using gulpfile ~/work/Personal_Portfolio/Personal_Portfolio/gulpfile.js
[04:41:16] Starting 'build'...
[04:41:16] Starting 'scssTask'...
[04:41:16] Starting 'jsTask'...
[04:41:16] Starting 'images'...
DEPRECATION WARNING [legacy-js-api]: The legacy JS API is deprecated and will be removed in Dart Sass 2.0.0.

More info: https://sass-lang.com/d/legacy-js-api

DEPRECATION WARNING [import]: Sass @import rules are deprecated and will be removed in Dart Sass 3.0.0.

More info and automated migrator: https://sass-lang.com/d/import

  ╷
4 │ @import "./helper/varaibles";
  │         ^^^^^^^^^^^^^^^^^^^^
  ╵
    assets/sass/style.scss 4:9  root stylesheet

DEPRECATION WARNING [import]: Sass @import rules are deprecated and will be removed in Dart Sass 3.0.0.

More info and automated migrator: https://sass-lang.com/d/import

  ╷
5 │ @import "./helper/mixins";
  │         ^^^^^^^^^^^^^^^^^
  ╵
    assets/sass/style.scss 5:9  root stylesheet

DEPRECATION WARNING [import]: Sass @import rules are deprecated and will be removed in Dart Sass 3.0.0.

More info and automated migrator: https://sass-lang.com/d/import

   ╷
10 │ @import "./base/typography";
   │         ^^^^^^^^^^^^^^^^^^^
   ╵
    assets/sass/style.scss 10:9  root stylesheet

DEPRECATION WARNING [import]: Sass @import rules are deprecated and will be removed in Dart Sass 3.0.0.

More info and automated migrator: https://sass-lang.com/d/import

   ╷
15 │ @import "./base/base";
   │         ^^^^^^^^^^^^^
   ╵
    assets/sass/style.scss 15:9  root stylesheet

DEPRECATION WARNING [import]: Sass @import rules are deprecated and will be removed in Dart Sass 3.0.0.

More info and automated migrator: https://sass-lang.com/d/import

   ╷
20 │ @import "component/alignments";
   │         ^^^^^^^^^^^^^^^^^^^^^^
   ╵
    assets/sass/style.scss 20:9  root stylesheet

[04:41:17] gulp-imagemin: Minified 1 image (saved 38 B - 14%)
DEPRECATION WARNING [slash-div]: Using / for division outside of calc() is deprecated and will be removed in Dart Sass 2.0.0.

Recommendation: math.div($size, 10) or calc($size / 10)

More info and automated migrator: https://sass-lang.com/d/slash-div

  ╷
4 │     font-size: $size/10 + rem;
  │                ^^^^^^^^
  ╵
    assets/sass/helper/_mixins.scss 4:16   font-size()
    assets/sass/base/_typography.scss 7:5  @import
    assets/sass/style.scss 10:9            root stylesheet

DEPRECATION WARNING [global-builtin]: Global built-in functions are deprecated and will be removed in Dart Sass 3.0.0.
Use color.adjust instead.

More info and automated migrator: https://sass-lang.com/d/import

   ╷
32 │     color: lighten($black, 50%);
   │            ^^^^^^^^^^^^^^^^^^^^
   ╵
    assets/sass/layout/_header.scss 32:12  @import
    assets/sass/style.scss 25:9            root stylesheet

DEPRECATION WARNING [color-functions]: lighten() is deprecated. Suggestions:

color.scale($color, $lightness: 55.0755939525%)
color.adjust($color, $lightness: 50%)

More info: https://sass-lang.com/d/color-functions

   ╷
32 │     color: lighten($black, 50%);
   │            ^^^^^^^^^^^^^^^^^^^^
   ╵
    assets/sass/layout/_header.scss 32:12  @import
    assets/sass/style.scss 25:9            root stylesheet

DEPRECATION WARNING [global-builtin]: Global built-in functions are deprecated and will be removed in Dart Sass 3.0.0.
Use color.adjust instead.

More info and automated migrator: https://sass-lang.com/d/import

   ╷
43 │       color: lighten($black, 20%);
   │              ^^^^^^^^^^^^^^^^^^^^
   ╵
    assets/sass/layout/_header.scss 43:14  @import
    assets/sass/style.scss 25:9            root stylesheet

DEPRECATION WARNING [color-functions]: lighten() is deprecated. Suggestions:

color.scale($color, $lightness: 22.030237581%)
color.adjust($color, $lightness: 20%)

More info: https://sass-lang.com/d/color-functions

   ╷
43 │       color: lighten($black, 20%);
   │              ^^^^^^^^^^^^^^^^^^^^
   ╵
    assets/sass/layout/_header.scss 43:14  @import
    assets/sass/style.scss 25:9            root stylesheet

WARNING: 13 repetitive deprecation warnings omitted.

[04:41:17] Finished 'jsTask' after 593 ms
[04:41:17] Finished 'images' after 594 ms
[04:41:17] Finished 'scssTask' after 604 ms
[04:41:17] Starting 'cacheBustTask'...
[04:41:17] Finished 'cacheBustTask' after 306 ms
[04:41:17] Finished 'build' after 912 ms
