npm warn EBADENGINE Unsupported engine {
npm warn EBADENGINE   package: 'cssnano@8.0.4',
npm warn EBADENGINE   required: { node: '^22.11.0 || ^24.11.0 || >=26.0' },
npm warn EBADENGINE   current: { node: 'v20.20.2', npm: '10.8.2' }
npm warn EBADENGINE }
npm warn EBADENGINE Unsupported engine {
npm warn EBADENGINE   package: 'cssnano-preset-default@8.0.4',
npm warn EBADENGINE   required: { node: '^22.11.0 || ^24.11.0 || >=26.0' },
npm warn EBADENGINE   current: { node: 'v20.20.2', npm: '10.8.2' }
npm warn EBADENGINE }
npm warn EBADENGINE Unsupported engine {
npm warn EBADENGINE   package: 'cssnano-utils@6.0.2',
npm warn EBADENGINE   required: { node: '^22.11.0 || ^24.11.0 || >=26.0' },
npm warn EBADENGINE   current: { node: 'v20.20.2', npm: '10.8.2' }
npm warn EBADENGINE }
npm warn EBADENGINE Unsupported engine {
npm warn EBADENGINE   package: 'postcss-colormin@8.0.2',
npm warn EBADENGINE   required: { node: '^22.11.0 || ^24.11.0 || >=26.0' },
npm warn EBADENGINE   current: { node: 'v20.20.2', npm: '10.8.2' }
npm warn EBADENGINE }
npm warn EBADENGINE Unsupported engine {
npm warn EBADENGINE   package: 'postcss-convert-values@8.0.2',
npm warn EBADENGINE   required: { node: '^22.11.0 || ^24.11.0 || >=26.0' },
npm warn EBADENGINE   current: { node: 'v20.20.2', npm: '10.8.2' }
npm warn EBADENGINE }
npm warn EBADENGINE Unsupported engine {
npm warn EBADENGINE   package: 'postcss-discard-comments@8.0.2',
npm warn EBADENGINE   required: { node: '^22.11.0 || ^24.11.0 || >=26.0' },
npm warn EBADENGINE   current: { node: 'v20.20.2', npm: '10.8.2' }
npm warn EBADENGINE }
npm warn EBADENGINE Unsupported engine {
npm warn EBADENGINE   package: 'postcss-discard-duplicates@8.0.2',
npm warn EBADENGINE   required: { node: '^22.11.0 || ^24.11.0 || >=26.0' },
npm warn EBADENGINE   current: { node: 'v20.20.2', npm: '10.8.2' }
npm warn EBADENGINE }
npm warn EBADENGINE Unsupported engine {
npm warn EBADENGINE   package: 'postcss-discard-empty@8.0.2',
npm warn EBADENGINE   required: { node: '^22.11.0 || ^24.11.0 || >=26.0' },
npm warn EBADENGINE   current: { node: 'v20.20.2', npm: '10.8.2' }
npm warn EBADENGINE }
npm warn EBADENGINE Unsupported engine {
npm warn EBADENGINE   package: 'postcss-discard-overridden@8.0.2',
npm warn EBADENGINE   required: { node: '^22.11.0 || ^24.11.0 || >=26.0' },
npm warn EBADENGINE   current: { node: 'v20.20.2', npm: '10.8.2' }
npm warn EBADENGINE }
npm warn EBADENGINE Unsupported engine {
npm warn EBADENGINE   package: 'postcss-merge-longhand@8.0.2',
npm warn EBADENGINE   required: { node: '^22.11.0 || ^24.11.0 || >=26.0' },
npm warn EBADENGINE   current: { node: 'v20.20.2', npm: '10.8.2' }
npm warn EBADENGINE }
npm warn EBADENGINE Unsupported engine {
npm warn EBADENGINE   package: 'postcss-merge-rules@8.0.2',
npm warn EBADENGINE   required: { node: '^22.11.0 || ^24.11.0 || >=26.0' },
npm warn EBADENGINE   current: { node: 'v20.20.2', npm: '10.8.2' }
npm warn EBADENGINE }
npm warn EBADENGINE Unsupported engine {
npm warn EBADENGINE   package: 'postcss-minify-font-values@8.0.2',
npm warn EBADENGINE   required: { node: '^22.11.0 || ^24.11.0 || >=26.0' },
npm warn EBADENGINE   current: { node: 'v20.20.2', npm: '10.8.2' }
npm warn EBADENGINE }
npm warn EBADENGINE Unsupported engine {
npm warn EBADENGINE   package: 'postcss-minify-gradients@8.0.2',
npm warn EBADENGINE   required: { node: '^22.11.0 || ^24.11.0 || >=26.0' },
npm warn EBADENGINE   current: { node: 'v20.20.2', npm: '10.8.2' }
npm warn EBADENGINE }
npm warn EBADENGINE Unsupported engine {
npm warn EBADENGINE   package: 'postcss-minify-params@8.0.2',
npm warn EBADENGINE   required: { node: '^22.11.0 || ^24.11.0 || >=26.0' },
npm warn EBADENGINE   current: { node: 'v20.20.2', npm: '10.8.2' }
npm warn EBADENGINE }
npm warn EBADENGINE Unsupported engine {
npm warn EBADENGINE   package: 'postcss-minify-selectors@8.0.3',
npm warn EBADENGINE   required: { node: '^22.11.0 || ^24.11.0 || >=26.0' },
npm warn EBADENGINE   current: { node: 'v20.20.2', npm: '10.8.2' }
npm warn EBADENGINE }
npm warn EBADENGINE Unsupported engine {
npm warn EBADENGINE   package: 'postcss-normalize-charset@8.0.2',
npm warn EBADENGINE   required: { node: '^22.11.0 || ^24.11.0 || >=26.0' },
npm warn EBADENGINE   current: { node: 'v20.20.2', npm: '10.8.2' }
npm warn EBADENGINE }
npm warn EBADENGINE Unsupported engine {
npm warn EBADENGINE   package: 'postcss-normalize-display-values@8.0.2',
npm warn EBADENGINE   required: { node: '^22.11.0 || ^24.11.0 || >=26.0' },
npm warn EBADENGINE   current: { node: 'v20.20.2', npm: '10.8.2' }
npm warn EBADENGINE }
npm warn EBADENGINE Unsupported engine {
npm warn EBADENGINE   package: 'postcss-normalize-positions@8.0.2',
npm warn EBADENGINE   required: { node: '^22.11.0 || ^24.11.0 || >=26.0' },
npm warn EBADENGINE   current: { node: 'v20.20.2', npm: '10.8.2' }
npm warn EBADENGINE }
npm warn EBADENGINE Unsupported engine {
npm warn EBADENGINE   package: 'postcss-normalize-repeat-style@8.0.2',
npm warn EBADENGINE   required: { node: '^22.11.0 || ^24.11.0 || >=26.0' },
npm warn EBADENGINE   current: { node: 'v20.20.2', npm: '10.8.2' }
npm warn EBADENGINE }
npm warn EBADENGINE Unsupported engine {
npm warn EBADENGINE   package: 'postcss-normalize-string@8.0.2',
npm warn EBADENGINE   required: { node: '^22.11.0 || ^24.11.0 || >=26.0' },
npm warn EBADENGINE   current: { node: 'v20.20.2', npm: '10.8.2' }
npm warn EBADENGINE }
npm warn EBADENGINE Unsupported engine {
npm warn EBADENGINE   package: 'postcss-normalize-timing-functions@8.0.2',
npm warn EBADENGINE   required: { node: '^22.11.0 || ^24.11.0 || >=26.0' },
npm warn EBADENGINE   current: { node: 'v20.20.2', npm: '10.8.2' }
npm warn EBADENGINE }
npm warn EBADENGINE Unsupported engine {
npm warn EBADENGINE   package: 'postcss-normalize-unicode@8.0.2',
npm warn EBADENGINE   required: { node: '^22.11.0 || ^24.11.0 || >=26.0' },
npm warn EBADENGINE   current: { node: 'v20.20.2', npm: '10.8.2' }
npm warn EBADENGINE }
npm warn EBADENGINE Unsupported engine {
npm warn EBADENGINE   package: 'postcss-normalize-url@8.0.2',
npm warn EBADENGINE   required: { node: '^22.11.0 || ^24.11.0 || >=26.0' },
npm warn EBADENGINE   current: { node: 'v20.20.2', npm: '10.8.2' }
npm warn EBADENGINE }
npm warn EBADENGINE Unsupported engine {
npm warn EBADENGINE   package: 'postcss-normalize-whitespace@8.0.2',
npm warn EBADENGINE   required: { node: '^22.11.0 || ^24.11.0 || >=26.0' },
npm warn EBADENGINE   current: { node: 'v20.20.2', npm: '10.8.2' }
npm warn EBADENGINE }
npm warn EBADENGINE Unsupported engine {
npm warn EBADENGINE   package: 'postcss-ordered-values@8.0.2',
npm warn EBADENGINE   required: { node: '^22.11.0 || ^24.11.0 || >=26.0' },
npm warn EBADENGINE   current: { node: 'v20.20.2', npm: '10.8.2' }
npm warn EBADENGINE }
npm warn EBADENGINE Unsupported engine {
npm warn EBADENGINE   package: 'postcss-reduce-initial@8.0.2',
npm warn EBADENGINE   required: { node: '^22.11.0 || ^24.11.0 || >=26.0' },
npm warn EBADENGINE   current: { node: 'v20.20.2', npm: '10.8.2' }
npm warn EBADENGINE }
npm warn EBADENGINE Unsupported engine {
npm warn EBADENGINE   package: 'postcss-reduce-transforms@8.0.2',
npm warn EBADENGINE   required: { node: '^22.11.0 || ^24.11.0 || >=26.0' },
npm warn EBADENGINE   current: { node: 'v20.20.2', npm: '10.8.2' }
npm warn EBADENGINE }
npm warn EBADENGINE Unsupported engine {
npm warn EBADENGINE   package: 'postcss-svgo@8.0.3',
npm warn EBADENGINE   required: { node: '^22.11.0 || ^24.11.0 || >=26.0' },
npm warn EBADENGINE   current: { node: 'v20.20.2', npm: '10.8.2' }
npm warn EBADENGINE }
npm warn EBADENGINE Unsupported engine {
npm warn EBADENGINE   package: 'postcss-unique-selectors@8.0.2',
npm warn EBADENGINE   required: { node: '^22.11.0 || ^24.11.0 || >=26.0' },
npm warn EBADENGINE   current: { node: 'v20.20.2', npm: '10.8.2' }
npm warn EBADENGINE }
npm warn EBADENGINE Unsupported engine {
npm warn EBADENGINE   package: 'stylehacks@8.0.2',
npm warn EBADENGINE   required: { node: '^22.11.0 || ^24.11.0 || >=26.0' },
npm warn EBADENGINE   current: { node: 'v20.20.2', npm: '10.8.2' }
npm warn EBADENGINE }

up to date, audited 787 packages in 8s

98 packages are looking for funding
  run `npm fund` for details

# npm audit report

cross-spawn  <6.0.6
Severity: high
Regular Expression Denial of Service (ReDoS) in cross-spawn - https://github.com/advisories/GHSA-3xgq-45jj-v275
fix available via `npm audit fix --force`
Will install gulp-imagemin@9.2.0, which is a breaking change
node_modules/bin-build/node_modules/cross-spawn
node_modules/bin-check/node_modules/cross-spawn
node_modules/exec-buffer/node_modules/cross-spawn
  execa  0.5.0 - 0.9.0
  Depends on vulnerable versions of cross-spawn
  node_modules/bin-build/node_modules/execa
  node_modules/bin-check/node_modules/execa
  node_modules/exec-buffer/node_modules/execa
    bin-build  *
    Depends on vulnerable versions of decompress
    Depends on vulnerable versions of download
    Depends on vulnerable versions of execa
    Depends on vulnerable versions of tempfile
    node_modules/bin-build
      gifsicle  >=3.0.0
      Depends on vulnerable versions of bin-build
      Depends on vulnerable versions of bin-wrapper
      node_modules/gifsicle
        imagemin-gifsicle  >=6.0.0
        Depends on vulnerable versions of gifsicle
        node_modules/imagemin-gifsicle
      mozjpeg  >=4.0.0
      Depends on vulnerable versions of bin-build
      Depends on vulnerable versions of bin-wrapper
      node_modules/mozjpeg
        imagemin-mozjpeg  >=7.0.0
        Depends on vulnerable versions of mozjpeg
        node_modules/imagemin-mozjpeg
          gulp-imagemin  >=4.0.0
          Depends on vulnerable versions of imagemin-gifsicle
          Depends on vulnerable versions of imagemin-mozjpeg
          Depends on vulnerable versions of imagemin-optipng
          Depends on vulnerable versions of imagemin-svgo
          node_modules/gulp-imagemin
      optipng-bin  >=3.0.0
      Depends on vulnerable versions of bin-build
      Depends on vulnerable versions of bin-wrapper
      node_modules/optipng-bin
        imagemin-optipng  >=6.0.0
        Depends on vulnerable versions of optipng-bin
        node_modules/imagemin-optipng
    bin-check  >=4.1.0
    Depends on vulnerable versions of execa
    node_modules/bin-check
      bin-wrapper  >=0.4.0
      Depends on vulnerable versions of bin-check
      Depends on vulnerable versions of bin-version-check
      Depends on vulnerable versions of download
      node_modules/bin-wrapper
    exec-buffer  *
    Depends on vulnerable versions of execa
    Depends on vulnerable versions of tempfile
    node_modules/exec-buffer

decompress  *
Severity: critical
Decompress: Archive extraction can create files and links outside of the target directory - https://github.com/advisories/GHSA-mp2f-45pm-3cg9
decompress: Arbitrary File Write via Archive Extraction (Zip Slip) - https://github.com/advisories/GHSA-h39j-r5qq-r9mm
fix available via `npm audit fix --force`
Will install gulp-imagemin@9.2.0, which is a breaking change
node_modules/decompress
  download  <=2.0.0 || >=4.0.0
  Depends on vulnerable versions of decompress
  Depends on vulnerable versions of got
  node_modules/bin-wrapper/node_modules/download
  node_modules/download

fast-xml-parser  <5.7.0
Severity: moderate
fast-xml-parser XMLBuilder: XML Comment and CDATA Injection via Unescaped Delimiters - https://github.com/advisories/GHSA-gh4j-gqv2-49f6
fix available via `npm audit fix`
node_modules/fast-xml-parser
  is-svg  4.3.0 - 5.1.0
  Depends on vulnerable versions of fast-xml-parser
  node_modules/is-svg

got  <=11.8.3
Severity: high
Got allows a redirect to a UNIX socket - https://github.com/advisories/GHSA-pfrx-2q88-qq97
Depends on vulnerable versions of cacheable-request
fix available via `npm audit fix --force`
Will install gulp-imagemin@9.2.0, which is a breaking change
node_modules/bin-wrapper/node_modules/got
node_modules/got

http-cache-semantics  <4.1.1
Severity: high
http-cache-semantics vulnerable to Regular Expression Denial of Service - https://github.com/advisories/GHSA-rc47-6667-2j5j
fix available via `npm audit fix --force`
Will install gulp-imagemin@9.2.0, which is a breaking change
node_modules/http-cache-semantics
  cacheable-request  0.1.0 - 2.1.4
  Depends on vulnerable versions of http-cache-semantics
  node_modules/cacheable-request

immutable  <=4.3.8
Severity: high
Immutable.js `List` 32-bit trie overflow → unrecoverable DoS - https://github.com/advisories/GHSA-v56q-mh7h-f735
Immutabl: Hash-collision algorithmic complexity denial of service in Immutable.Map/Set - https://github.com/advisories/GHSA-xvcm-6775-5m9r
fix available via `npm audit fix --force`
Will install browser-sync@1.9.2, which is a breaking change
node_modules/immutable
  browser-sync  >=2.0.0-rc1
  Depends on vulnerable versions of browser-sync-ui
  Depends on vulnerable versions of immutable
  node_modules/browser-sync
  browser-sync-ui  *
  Depends on vulnerable versions of immutable
  node_modules/browser-sync-ui

nth-check  <2.0.1
Severity: high
Inefficient Regular Expression Complexity in nth-check - https://github.com/advisories/GHSA-rp65-9cf3-cjxr
fix available via `npm audit fix --force`
Will install gulp-imagemin@9.2.0, which is a breaking change
node_modules/nth-check
  css-select  <=3.1.0
  Depends on vulnerable versions of nth-check
  node_modules/css-select
    svgo  1.0.0 - 2.8.2
    Depends on vulnerable versions of css-select
    node_modules/svgo
      imagemin-svgo  5.2.3 || 6.0.0 - 8.0.0
      Depends on vulnerable versions of svgo
      node_modules/imagemin-svgo

semver-regex  <=3.1.3
Severity: high
semver-regex Regular Expression Denial of Service (ReDOS) - https://github.com/advisories/GHSA-44c6-4v22-4mhx
Regular expression denial of service in semver-regex - https://github.com/advisories/GHSA-4x5v-gmq8-25ch
fix available via `npm audit fix --force`
Will install gulp-imagemin@9.2.0, which is a breaking change
node_modules/semver-regex
  find-versions  <=3.2.0
  Depends on vulnerable versions of semver-regex
  node_modules/find-versions
    bin-version  <=4.0.0
    Depends on vulnerable versions of find-versions
    node_modules/bin-version
      bin-version-check  <=4.0.0
      Depends on vulnerable versions of bin-version
      node_modules/bin-version-check


trim-newlines  <3.0.1
Severity: high
Uncontrolled Resource Consumption in trim-newlines - https://github.com/advisories/GHSA-7p7h-4mm5-852v
fix available via `npm audit fix`
node_modules/trim-newlines
  meow  3.4.0 - 5.0.0
  Depends on vulnerable versions of trim-newlines
  node_modules/meow

uuid  <11.1.1
Severity: moderate
uuid: Missing buffer bounds check in v3/v5/v6 when buf is provided - https://github.com/advisories/GHSA-w5hq-g745-h8pq
fix available via `npm audit fix --force`
Will install gulp-imagemin@9.2.0, which is a breaking change
node_modules/uuid
  tempfile  <=4.0.0
  Depends on vulnerable versions of uuid
  node_modules/tempfile

35 vulnerabilities (11 moderate, 23 high, 1 critical)

To address issues that do not require attention, run:
  npm audit fix

To address all issues (including breaking changes), run:
  npm audit fix --force
